2018/01/25 - 09:48:21 PM - Error Occured!
